Archive member included to satisfy reference by file (symbol)

c:/st/stm32cubeide_1.7.0/stm32cubeide/plugins/com.st.stm32cube.ide.mcu.externaltools.gnu-tools-for-stm32.9-2020-q2-update.win32_2.0.0.202105311346/tools/bin/../lib/gcc/arm-none-eabi/9.3.1/../../../../arm-none-eabi/lib/thumb/v7-m/nofp\libc_nano.a(lib_a-errno.o)
                              ./Core/Src/syscalls.o (__errno)
c:/st/stm32cubeide_1.7.0/stm32cubeide/plugins/com.st.stm32cube.ide.mcu.externaltools.gnu-tools-for-stm32.9-2020-q2-update.win32_2.0.0.202105311346/tools/bin/../lib/gcc/arm-none-eabi/9.3.1/../../../../arm-none-eabi/lib/thumb/v7-m/nofp\libc_nano.a(lib_a-exit.o)
                              c:/st/stm32cubeide_1.7.0/stm32cubeide/plugins/com.st.stm32cube.ide.mcu.externaltools.gnu-tools-for-stm32.9-2020-q2-update.win32_2.0.0.202105311346/tools/bin/../lib/gcc/arm-none-eabi/9.3.1/../../../../arm-none-eabi/lib/thumb/v7-m/nofp/crt0.o (exit)
c:/st/stm32cubeide_1.7.0/stm32cubeide/plugins/com.st.stm32cube.ide.mcu.externaltools.gnu-tools-for-stm32.9-2020-q2-update.win32_2.0.0.202105311346/tools/bin/../lib/gcc/arm-none-eabi/9.3.1/../../../../arm-none-eabi/lib/thumb/v7-m/nofp\libc_nano.a(lib_a-impure.o)
                              c:/st/stm32cubeide_1.7.0/stm32cubeide/plugins/com.st.stm32cube.ide.mcu.externaltools.gnu-tools-for-stm32.9-2020-q2-update.win32_2.0.0.202105311346/tools/bin/../lib/gcc/arm-none-eabi/9.3.1/../../../../arm-none-eabi/lib/thumb/v7-m/nofp\libc_nano.a(lib_a-exit.o) (_global_impure_ptr)
c:/st/stm32cubeide_1.7.0/stm32cubeide/plugins/com.st.stm32cube.ide.mcu.externaltools.gnu-tools-for-stm32.9-2020-q2-update.win32_2.0.0.202105311346/tools/bin/../lib/gcc/arm-none-eabi/9.3.1/../../../../arm-none-eabi/lib/thumb/v7-m/nofp\libc_nano.a(lib_a-init.o)
                              c:/st/stm32cubeide_1.7.0/stm32cubeide/plugins/com.st.stm32cube.ide.mcu.externaltools.gnu-tools-for-stm32.9-2020-q2-update.win32_2.0.0.202105311346/tools/bin/../lib/gcc/arm-none-eabi/9.3.1/../../../../arm-none-eabi/lib/thumb/v7-m/nofp/crt0.o (__libc_init_array)
c:/st/stm32cubeide_1.7.0/stm32cubeide/plugins/com.st.stm32cube.ide.mcu.externaltools.gnu-tools-for-stm32.9-2020-q2-update.win32_2.0.0.202105311346/tools/bin/../lib/gcc/arm-none-eabi/9.3.1/../../../../arm-none-eabi/lib/thumb/v7-m/nofp\libc_nano.a(lib_a-memset.o)
                              c:/st/stm32cubeide_1.7.0/stm32cubeide/plugins/com.st.stm32cube.ide.mcu.externaltools.gnu-tools-for-stm32.9-2020-q2-update.win32_2.0.0.202105311346/tools/bin/../lib/gcc/arm-none-eabi/9.3.1/../../../../arm-none-eabi/lib/thumb/v7-m/nofp/crt0.o (memset)
c:/st/stm32cubeide_1.7.0/stm32cubeide/plugins/com.st.stm32cube.ide.mcu.externaltools.gnu-tools-for-stm32.9-2020-q2-update.win32_2.0.0.202105311346/tools/bin/../lib/gcc/arm-none-eabi/9.3.1/thumb/v7-m/nofp\libgcc.a(_arm_mulsf3.o)
                              ./Core/Src/main.o (__aeabi_fmul)
c:/st/stm32cubeide_1.7.0/stm32cubeide/plugins/com.st.stm32cube.ide.mcu.externaltools.gnu-tools-for-stm32.9-2020-q2-update.win32_2.0.0.202105311346/tools/bin/../lib/gcc/arm-none-eabi/9.3.1/thumb/v7-m/nofp\libgcc.a(_arm_addsubsf3.o)
                              ./Core/Src/main.o (__aeabi_fadd)
c:/st/stm32cubeide_1.7.0/stm32cubeide/plugins/com.st.stm32cube.ide.mcu.externaltools.gnu-tools-for-stm32.9-2020-q2-update.win32_2.0.0.202105311346/tools/bin/../lib/gcc/arm-none-eabi/9.3.1/thumb/v7-m/nofp\libgcc.a(_arm_muldivsf3.o)
                              ./Core/Src/main.o (__aeabi_fdiv)
c:/st/stm32cubeide_1.7.0/stm32cubeide/plugins/com.st.stm32cube.ide.mcu.externaltools.gnu-tools-for-stm32.9-2020-q2-update.win32_2.0.0.202105311346/tools/bin/../lib/gcc/arm-none-eabi/9.3.1/thumb/v7-m/nofp\libgcc.a(_arm_fixsfsi.o)
                              ./Core/Src/main.o (__aeabi_f2iz)

Allocating common symbols
Common symbol       size              file

amberCounter        0x4               ./Core/Src/global.o
buttonLastStage     0xc               ./Core/Src/button.o
tempRed             0x4               ./Core/Src/global.o
uwTick              0x4               ./Drivers/STM32F1xx_HAL_Driver/Src/stm32f1xx_hal.o
pFlash              0x20              ./Drivers/STM32F1xx_HAL_Driver/Src/stm32f1xx_hal_flash.o
greenCounter        0x4               ./Core/Src/global.o
TimerForKeyPressed  0xc               ./Core/Src/button.o
redCounter          0x4               ./Core/Src/global.o
button_flag         0xc               ./Core/Src/button.o
tempAmber           0x4               ./Core/Src/global.o
buttonDebounce2     0xc               ./Core/Src/button.o
buttonDebounce0     0xc               ./Core/Src/button.o
htim2               0x48              ./Core/Src/main.o
tempGreen           0x4               ./Core/Src/global.o
TICK                0x4               ./Core/Src/global.o
buttonDebounce1     0xc               ./Core/Src/button.o

Discarded input sections

[...]
Memory Configuration

Name             Origin             Length             Attributes
RAM              0x0000000020000000 0x0000000000002800 xrw
FLASH            0x0000000008000000 0x0000000000008000 xr
*default*        0x0000000000000000 0xffffffffffffffff

Linker script and memory map

LOAD c:/st/stm32cubeide_1.7.0/stm32cubeide/plugins/com.st.stm32cube.ide.mcu.externaltools.gnu-tools-for-stm32.9-2020-q2-update.win32_2.0.0.202105311346/tools/bin/../lib/gcc/arm-none-eabi/9.3.1/thumb/v7-m/nofp/crti.o
LOAD c:/st/stm32cubeide_1.7.0/stm32cubeide/plugins/com.st.stm32cube.ide.mcu.externaltools.gnu-tools-for-stm32.9-2020-q2-update.win32_2.0.0.202105311346/tools/bin/../lib/gcc/arm-none-eabi/9.3.1/thumb/v7-m/nofp/crtbegin.o
LOAD c:/st/stm32cubeide_1.7.0/stm32cubeide/plugins/com.st.stm32cube.ide.mcu.externaltools.gnu-tools-for-stm32.9-2020-q2-update.win32_2.0.0.202105311346/tools/bin/../lib/gcc/arm-none-eabi/9.3.1/../../../../arm-none-eabi/lib/thumb/v7-m/nofp/crt0.o
LOAD ./Core/Src/button.o
LOAD ./Core/Src/fsm_automatic.o
LOAD ./Core/Src/fsm_manual.o
LOAD ./Core/Src/global.o
LOAD ./Core/Src/graphic.o
LOAD ./Core/Src/main.o
LOAD ./Core/Src/software_timer.o
LOAD ./Core/Src/stm32f1xx_hal_msp.o
LOAD ./Core/Src/stm32f1xx_it.o
LOAD ./Core/Src/syscalls.o
LOAD ./Core/Src/sysmem.o
LOAD ./Core/Src/system_stm32f1xx.o
LOAD ./Core/Startup/startup_stm32f103c6ux.o
LOAD ./Drivers/STM32F1xx_HAL_Driver/Src/stm32f1xx_hal.o
LOAD ./Drivers/STM32F1xx_HAL_Driver/Src/stm32f1xx_hal_cortex.o
LOAD ./Drivers/STM32F1xx_HAL_Driver/Src/stm32f1xx_hal_dma.o
LOAD ./Drivers/STM32F1xx_HAL_Driver/Src/stm32f1xx_hal_exti.o
LOAD ./Drivers/STM32F1xx_HAL_Driver/Src/stm32f1xx_hal_flash.o
LOAD ./Drivers/STM32F1xx_HAL_Driver/Src/stm32f1xx_hal_flash_ex.o
LOAD ./Drivers/STM32F1xx_HAL_Driver/Src/stm32f1xx_hal_gpio.o
LOAD ./Drivers/STM32F1xx_HAL_Driver/Src/stm32f1xx_hal_gpio_ex.o
LOAD ./Drivers/STM32F1xx_HAL_Driver/Src/stm32f1xx_hal_pwr.o
LOAD ./Drivers/STM32F1xx_HAL_Driver/Src/stm32f1xx_hal_rcc.o
LOAD ./Drivers/STM32F1xx_HAL_Driver/Src/stm32f1xx_hal_rcc_ex.o
LOAD ./Drivers/STM32F1xx_HAL_Driver/Src/stm32f1xx_hal_tim.o
LOAD ./Drivers/STM32F1xx_HAL_Driver/Src/stm32f1xx_hal_tim_ex.o
START GROUP
LOAD c:/st/stm32cubeide_1.7.0/stm32cubeide/plugins/com.st.stm32cube.ide.mcu.externaltools.gnu-tools-for-stm32.9-2020-q2-update.win32_2.0.0.202105311346/tools/bin/../lib/gcc/arm-none-eabi/9.3.1/../../../../arm-none-eabi/lib/thumb/v7-m/nofp\libc_nano.a
LOAD c:/st/stm32cubeide_1.7.0/stm32cubeide/plugins/com.st.stm32cube.ide.mcu.externaltools.gnu-tools-for-stm32.9-2020-q2-update.win32_2.0.0.202105311346/tools/bin/../lib/gcc/arm-none-eabi/9.3.1/../../../../arm-none-eabi/lib/thumb/v7-m/nofp\libm.a
END GROUP
START GROUP
LOAD c:/st/stm32cubeide_1.7.0/stm32cubeide/plugins/com.st.stm32cube.ide.mcu.externaltools.gnu-tools-for-stm32.9-2020-q2-update.win32_2.0.0.202105311346/tools/bin/../lib/gcc/arm-none-eabi/9.3.1/thumb/v7-m/nofp\libgcc.a
LOAD c:/st/stm32cubeide_1.7.0/stm32cubeide/plugins/com.st.stm32cube.ide.mcu.externaltools.gnu-tools-for-stm32.9-2020-q2-update.win32_2.0.0.202105311346/tools/bin/../lib/gcc/arm-none-eabi/9.3.1/../../../../arm-none-eabi/lib/thumb/v7-m/nofp\libc_nano.a
END GROUP
START GROUP
LOAD c:/st/stm32cubeide_1.7.0/stm32cubeide/plugins/com.st.stm32cube.ide.mcu.externaltools.gnu-tools-for-stm32.9-2020-q2-update.win32_2.0.0.202105311346/tools/bin/../lib/gcc/arm-none-eabi/9.3.1/thumb/v7-m/nofp\libgcc.a
LOAD c:/st/stm32cubeide_1.7.0/stm32cubeide/plugins/com.st.stm32cube.ide.mcu.externaltools.gnu-tools-for-stm32.9-2020-q2-update.win32_2.0.0.202105311346/tools/bin/../lib/gcc/arm-none-eabi/9.3.1/../../../../arm-none-eabi/lib/thumb/v7-m/nofp\libc_nano.a
LOAD c:/st/stm32cubeide_1.7.0/stm32cubeide/plugins/com.st.stm32cube.ide.mcu.externaltools.gnu-tools-for-stm32.9-2020-q2-update.win32_2.0.0.202105311346/tools/bin/../lib/gcc/arm-none-eabi/9.3.1/../../../../arm-none-eabi/lib/thumb/v7-m/nofp\libnosys.a
END GROUP
START GROUP
LOAD c:/st/stm32cubeide_1.7.0/stm32cubeide/plugins/com.st.stm32cube.ide.mcu.externaltools.gnu-tools-for-stm32.9-2020-q2-update.win32_2.0.0.202105311346/tools/bin/../lib/gcc/arm-none-eabi/9.3.1/thumb/v7-m/nofp\libgcc.a
LOAD c:/st/stm32cubeide_1.7.0/stm32cubeide/plugins/com.st.stm32cube.ide.mcu.externaltools.gnu-tools-for-stm32.9-2020-q2-update.win32_2.0.0.202105311346/tools/bin/../lib/gcc/arm-none-eabi/9.3.1/../../../../arm-none-eabi/lib/thumb/v7-m/nofp\libc_nano.a
LOAD c:/st/stm32cubeide_1.7.0/stm32cubeide/plugins/com.st.stm32cube.ide.mcu.externaltools.gnu-tools-for-stm32.9-2020-q2-update.win32_2.0.0.202105311346/tools/bin/../lib/gcc/arm-none-eabi/9.3.1/../../../../arm-none-eabi/lib/thumb/v7-m/nofp\libnosys.a
END GROUP
LOAD c:/st/stm32cubeide_1.7.0/stm32cubeide/plugins/com.st.stm32cube.ide.mcu.externaltools.gnu-tools-for-stm32.9-2020-q2-update.win32_2.0.0.202105311346/tools/bin/../lib/gcc/arm-none-eabi/9.3.1/thumb/v7-m/nofp/crtend.o
LOAD c:/st/stm32cubeide_1.7.0/stm32cubeide/plugins/com.st.stm32cube.ide.mcu.externaltools.gnu-tools-for-stm32.9-2020-q2-update.win32_2.0.0.202105311346/tools/bin/../lib/gcc/arm-none-eabi/9.3.1/thumb/v7-m/nofp/crtn.o
                0x0000000020002800                _estack = (ORIGIN (RAM) + LENGTH (RAM))
                0x0000000000000200                _Min_Heap_Size = 0x200
                0x0000000000000400                _Min_Stack_Size = 0x400

.isr_vector     0x0000000008000000      0x10c
                0x0000000008000000                . = ALIGN (0x4)
 *(.isr_vector)
 .isr_vector    0x0000000008000000      0x10c ./Core/Startup/startup_stm32f103c6ux.o
                0x0000000008000000                g_pfnVectors
                0x000000000800010c                . = ALIGN (0x4)

.text           0x000000000800010c     0x2fb0
                0x000000000800010c                . = ALIGN (0x4)
 *(.text)
 .text          0x000000000800010c       0x40 c:/st/stm32cubeide_1.7.0/stm32cubeide/plugins/com.st.stm32cube.ide.mcu.externaltools.gnu-tools-for-stm32.9-2020-q2-update.win32_2.0.0.202105311346/tools/bin/../lib/gcc/arm-none-eabi/9.3.1/thumb/v7-m/nofp/crtbegin.o
 .text          0x000000000800014c      0x21c c:/st/stm32cubeide_1.7.0/stm32cubeide/plugins/com.st.stm32cube.ide.mcu.externaltools.gnu-tools-for-stm32.9-2020-q2-update.win32_2.0.0.202105311346/tools/bin/../lib/gcc/arm-none-eabi/9.3.1/thumb/v7-m/nofp\libgcc.a(_arm_addsubsf3.o)
                0x000000000800014c                __aeabi_frsub
                0x0000000008000154                __subsf3
                0x0000000008000154                __aeabi_fsub
                0x0000000008000158                __aeabi_fadd
                0x0000000008000158                __addsf3
                0x00000000080002b8                __aeabi_ui2f
                0x00000000080002b8                __floatunsisf
                0x00000000080002c0                __aeabi_i2f
                0x00000000080002c0                __floatsisf
                0x00000000080002dc                __aeabi_ul2f
                0x00000000080002dc                __floatundisf
                0x00000000080002ec                __aeabi_l2f
                0x00000000080002ec                __floatdisf
 .text          0x0000000008000368      0x2a0 c:/st/stm32cubeide_1.7.0/stm32cubeide/plugins/com.st.stm32cube.ide.mcu.externaltools.gnu-tools-for-stm32.9-2020-q2-update.win32_2.0.0.202105311346/tools/bin/../lib/gcc/arm-none-eabi/9.3.1/thumb/v7-m/nofp\libgcc.a(_arm_muldivsf3.o)
                0x0000000008000368                __mulsf3
                0x0000000008000368                __aeabi_fmul
                0x00000000080004d0                __aeabi_fdiv
                0x00000000080004d0                __divsf3
 .text          0x0000000008000608       0x4c c:/st/stm32cubeide_1.7.0/stm32cubeide/plugins/com.st.stm32cube.ide.mcu.externaltools.gnu-tools-for-stm32.9-2020-q2-update.win32_2.0.0.202105311346/tools/bin/../lib/gcc/arm-none-eabi/9.3.1/thumb/v7-m/nofp\libgcc.a(_arm_fixsfsi.o)
                0x0000000008000608                __aeabi_f2iz
                0x0000000008000608                __fixsfsi
 *(.text*)
 .text.initButton
                0x0000000008000654       0x78 ./Core/Src/button.o
                0x0000000008000654                initButton
 .text.isButtonPressed
                0x00000000080006cc       0x34 ./Core/Src/button.o
                0x00000000080006cc                isButtonPressed
 .text.subKeyProcess
                0x0000000008000700       0x20 ./Core/Src/button.o
                0x0000000008000700                subKeyProcess
 .text.getKeyInput
                0x0000000008000720      0x134 ./Core/Src/button.o
                0x0000000008000720                getKeyInput
 .text.fsm_init
                0x0000000008000854       0x70 ./Core/Src/fsm_automatic.o
                0x0000000008000854                fsm_init
 .text.fsm_automatic_run
                0x00000000080008c4      0x24c ./Core/Src/fsm_automatic.o
                0x00000000080008c4                fsm_automatic_run
 .text.fsm_manual_run
                0x0000000008000b10      0x2b4 ./Core/Src/fsm_manual.o
                0x0000000008000b10                fsm_manual_run
 .text.Init7SEG
                0x0000000008000dc4       0x38 ./Core/Src/graphic.o
                0x0000000008000dc4                Init7SEG
 .text.display7SEG
                0x0000000008000dfc      0x30c ./Core/Src/graphic.o
                0x0000000008000dfc                display7SEG
 .text.update7SEG
                0x0000000008001108      0x118 ./Core/Src/graphic.o
                0x0000000008001108                update7SEG
 .text.updateLedBuffer
                0x0000000008001220       0x78 ./Core/Src/graphic.o
                0x0000000008001220                updateLedBuffer
 .text.clearAllLed
                0x0000000008001298       0x48 ./Core/Src/graphic.o
                0x0000000008001298                clearAllLed
 .text.turnOnLed
                0x00000000080012e0      0x100 ./Core/Src/graphic.o
                0x00000000080012e0                turnOnLed
 .text.blinkingLed
                0x00000000080013e0       0xdc ./Core/Src/graphic.o
                0x00000000080013e0                blinkingLed
 .text.main     0x00000000080014bc       0xa0 ./Core/Src/main.o
                0x00000000080014bc                main
 .text.SystemClock_Config
                0x000000000800155c       0x76 ./Core/Src/main.o
                0x000000000800155c                SystemClock_Config
 *fill*         0x00000000080015d2        0x2 
 .text.MX_TIM2_Init
                0x00000000080015d4      0x100 ./Core/Src/main.o
 .text.MX_GPIO_Init
                0x00000000080016d4       0xe0 ./Core/Src/main.o
 .text.HAL_TIM_PeriodElapsedCallback
                0x00000000080017b4       0x18 ./Core/Src/main.o
                0x00000000080017b4                HAL_TIM_PeriodElapsedCallback
 .text.Error_Handler
                0x00000000080017cc        0xa ./Core/Src/main.o
                0x00000000080017cc                Error_Handler
 *fill*         0x00000000080017d6        0x2 
 .text.setTimer1
                0x00000000080017d8       0x34 ./Core/Src/software_timer.o
                0x00000000080017d8                setTimer1
 .text.setTimer2
                0x000000000800180c       0x34 ./Core/Src/software_timer.o
                0x000000000800180c                setTimer2
 .text.setTimer3
                0x0000000008001840       0x34 ./Core/Src/software_timer.o
                0x0000000008001840                setTimer3
 .text.timerRun
                0x0000000008001874       0x84 ./Core/Src/software_timer.o
                0x0000000008001874                timerRun
 .text.HAL_MspInit
                0x00000000080018f8       0x64 ./Core/Src/stm32f1xx_hal_msp.o
                0x00000000080018f8                HAL_MspInit
 .text.HAL_TIM_Base_MspInit
                0x000000000800195c       0x48 ./Core/Src/stm32f1xx_hal_msp.o
                0x000000000800195c                HAL_TIM_Base_MspInit
 .text.NMI_Handler
                0x00000000080019a4        0x6 ./Core/Src/stm32f1xx_it.o
                0x00000000080019a4                NMI_Handler
 .text.HardFault_Handler
                0x00000000080019aa        0x6 ./Core/Src/stm32f1xx_it.o
                0x00000000080019aa                HardFault_Handler
 .text.MemManage_Handler
                0x00000000080019b0        0x6 ./Core/Src/stm32f1xx_it.o
                0x00000000080019b0                MemManage_Handler
 .text.BusFault_Handler
                0x00000000080019b6        0x6 ./Core/Src/stm32f1xx_it.o
                0x00000000080019b6                BusFault_Handler
 .text.UsageFault_Handler
                0x00000000080019bc        0x6 ./Core/Src/stm32f1xx_it.o
                0x00000000080019bc                UsageFault_Handler
 .text.SVC_Handler
                0x00000000080019c2        0xc ./Core/Src/stm32f1xx_it.o
                0x00000000080019c2                SVC_Handler
 .text.DebugMon_Handler
                0x00000000080019ce        0xc ./Core/Src/stm32f1xx_it.o
                0x00000000080019ce                DebugMon_Handler
 .text.PendSV_Handler
                0x00000000080019da        0xc ./Core/Src/stm32f1xx_it.o
                0x00000000080019da                PendSV_Handler
 .text.SysTick_Handler
                0x00000000080019e6        0xc ./Core/Src/stm32f1xx_it.o
                0x00000000080019e6                SysTick_Handler
 *fill*         0x00000000080019f2        0x2 
 .text.TIM2_IRQHandler
                0x00000000080019f4       0x14 ./Core/Src/stm32f1xx_it.o
                0x00000000080019f4                TIM2_IRQHandler
 .text.SystemInit
                0x0000000008001a08        0xc ./Core/Src/system_stm32f1xx.o
                0x0000000008001a08                SystemInit
 .text.Reset_Handler
                0x0000000008001a14       0x48 ./Core/Startup/startup_stm32f103c6ux.o
                0x0000000008001a14                Reset_Handler
 .text.Default_Handler
                0x0000000008001a5c        0x2 ./Core/Startup/startup_stm32f103c6ux.o
                0x0000000008001a5c                RTC_Alarm_IRQHandler
                0x0000000008001a5c                EXTI2_IRQHandler
                0x0000000008001a5c                TIM1_CC_IRQHandler
                0x0000000008001a5c                PVD_IRQHandler
                0x0000000008001a5c                EXTI3_IRQHandler
                0x0000000008001a5c                EXTI0_IRQHandler
                0x0000000008001a5c                ADC1_2_IRQHandler
                0x0000000008001a5c                SPI1_IRQHandler
                0x0000000008001a5c                TAMPER_IRQHandler
                0x0000000008001a5c                DMA1_Channel4_IRQHandler
                0x0000000008001a5c                RTC_IRQHandler
                0x0000000008001a5c                DMA1_Channel7_IRQHandler
                0x0000000008001a5c                CAN1_RX1_IRQHandler
                0x0000000008001a5c                I2C1_EV_IRQHandler
                0x0000000008001a5c                DMA1_Channel6_IRQHandler
                0x0000000008001a5c                TIM3_IRQHandler
                0x0000000008001a5c                RCC_IRQHandler
                0x0000000008001a5c                TIM1_TRG_COM_IRQHandler
                0x0000000008001a5c                DMA1_Channel1_IRQHandler
                0x0000000008001a5c                Default_Handler
                0x0000000008001a5c                EXTI15_10_IRQHandler
                0x0000000008001a5c                EXTI9_5_IRQHandler
                0x0000000008001a5c                DMA1_Channel5_IRQHandler
                0x0000000008001a5c                EXTI4_IRQHandler
                0x0000000008001a5c                USB_LP_CAN1_RX0_IRQHandler
                0x0000000008001a5c                USB_HP_CAN1_TX_IRQHandler
                0x0000000008001a5c                DMA1_Channel3_IRQHandler
                0x0000000008001a5c                TIM1_UP_IRQHandler
                0x0000000008001a5c                WWDG_IRQHandler
                0x0000000008001a5c                TIM1_BRK_IRQHandler
                0x0000000008001a5c                EXTI1_IRQHandler
                0x0000000008001a5c                USART2_IRQHandler
                0x0000000008001a5c                DMA1_Channel2_IRQHandler
                0x0000000008001a5c                CAN1_SCE_IRQHandler
                0x0000000008001a5c                FLASH_IRQHandler
                0x0000000008001a5c                USART1_IRQHandler
                0x0000000008001a5c                I2C1_ER_IRQHandler
                0x0000000008001a5c                USBWakeUp_IRQHandler
 *fill*         0x0000000008001a5e        0x2 
 .text.HAL_Init
                0x0000000008001a60       0x2c ./Drivers/STM32F1xx_HAL_Driver/Src/stm32f1xx_hal.o
                0x0000000008001a60                HAL_Init
 .text.HAL_InitTick
                0x0000000008001a8c       0x60 ./Drivers/STM32F1xx_HAL_Driver/Src/stm32f1xx_hal.o
                0x0000000008001a8c                HAL_InitTick
 .text.HAL_IncTick
                0x0000000008001aec       0x24 ./Drivers/STM32F1xx_HAL_Driver/Src/stm32f1xx_hal.o
                0x0000000008001aec                HAL_IncTick
 .text.HAL_GetTick
                0x0000000008001b10       0x14 ./Drivers/STM32F1xx_HAL_Driver/Src/stm32f1xx_hal.o
                0x0000000008001b10                HAL_GetTick
 .text.__NVIC_SetPriorityGrouping
                0x0000000008001b24       0x48 ./Drivers/STM32F1xx_HAL_Driver/Src/stm32f1xx_hal_cortex.o
 .text.__NVIC_GetPriorityGrouping
                0x0000000008001b6c       0x1c ./Drivers/STM32F1xx_HAL_Driver/Src/stm32f1xx_hal_cortex.o
 .text.__NVIC_EnableIRQ
                0x0000000008001b88       0x38 ./Drivers/STM32F1xx_HAL_Driver/Src/stm32f1xx_hal_cortex.o
 .text.__NVIC_SetPriority
                0x0000000008001bc0       0x54 ./Drivers/STM32F1xx_HAL_Driver/Src/stm32f1xx_hal_cortex.o
 .text.NVIC_EncodePriority
                0x0000000008001c14       0x64 ./Drivers/STM32F1xx_HAL_Driver/Src/stm32f1xx_hal_cortex.o
 .text.SysTick_Config
                0x0000000008001c78       0x44 ./Drivers/STM32F1xx_HAL_Driver/Src/stm32f1xx_hal_cortex.o
 .text.HAL_NVIC_SetPriorityGrouping
                0x0000000008001cbc       0x16 ./Drivers/STM32F1xx_HAL_Driver/Src/stm32f1xx_hal_cortex.o
                0x0000000008001cbc                HAL_NVIC_SetPriorityGrouping
 .text.HAL_NVIC_SetPriority
                0x0000000008001cd2       0x38 ./Drivers/STM32F1xx_HAL_Driver/Src/stm32f1xx_hal_cortex.o
                0x0000000008001cd2                HAL_NVIC_SetPriority
 .text.HAL_NVIC_EnableIRQ
                0x0000000008001d0a       0x1c ./Drivers/STM32F1xx_HAL_Driver/Src/stm32f1xx_hal_cortex.o
                0x0000000008001d0a                HAL_NVIC_EnableIRQ
 .text.HAL_SYSTICK_Config
                0x0000000008001d26       0x18 ./Drivers/STM32F1xx_HAL_Driver/Src/stm32f1xx_hal_cortex.o
                0x0000000008001d26                HAL_SYSTICK_Config
 *fill*         0x0000000008001d3e        0x2 
 .text.HAL_GPIO_Init
                0x0000000008001d40      0x2f4 ./Drivers/STM32F1xx_HAL_Driver/Src/stm32f1xx_hal_gpio.o
                0x0000000008001d40                HAL_GPIO_Init
 .text.HAL_GPIO_ReadPin
                0x0000000008002034       0x2e ./Drivers/STM32F1xx_HAL_Driver/Src/stm32f1xx_hal_gpio.o
                0x0000000008002034                HAL_GPIO_ReadPin
 .text.HAL_GPIO_WritePin
                0x0000000008002062       0x30 ./Drivers/STM32F1xx_HAL_Driver/Src/stm32f1xx_hal_gpio.o
                0x0000000008002062                HAL_GPIO_WritePin
 .text.HAL_GPIO_TogglePin
                0x0000000008002092       0x32 ./Drivers/STM32F1xx_HAL_Driver/Src/stm32f1xx_hal_gpio.o
                0x0000000008002092                HAL_GPIO_TogglePin
 .text.HAL_RCC_OscConfig
                0x00000000080020c4      0x500 ./Drivers/STM32F1xx_HAL_Driver/Src/stm32f1xx_hal_rcc.o
                0x00000000080020c4                HAL_RCC_OscConfig
 .text.HAL_RCC_ClockConfig
                0x00000000080025c4      0x1d4 ./Drivers/STM32F1xx_HAL_Driver/Src/stm32f1xx_hal_rcc.o
                0x00000000080025c4                HAL_RCC_ClockConfig
 .text.HAL_RCC_GetSysClockFreq
                0x0000000008002798       0xa8 ./Drivers/STM32F1xx_HAL_Driver/Src/stm32f1xx_hal_rcc.o
                0x0000000008002798                HAL_RCC_GetSysClockFreq
 .text.RCC_Delay
                0x0000000008002840       0x3c ./Drivers/STM32F1xx_HAL_Driver/Src/stm32f1xx_hal_rcc.o
 .text.HAL_TIM_Base_Init
                0x000000000800287c       0x9e ./Drivers/STM32F1xx_HAL_Driver/Src/stm32f1xx_hal_tim.o
                0x000000000800287c                HAL_TIM_Base_Init
 *fill*         0x000000000800291a        0x2 
 .text.HAL_TIM_Base_Start_IT
                0x000000000800291c       0x98 ./Drivers/STM32F1xx_HAL_Driver/Src/stm32f1xx_hal_tim.o
                0x000000000800291c                HAL_TIM_Base_Start_IT
 .text.HAL_TIM_IRQHandler
                0x00000000080029b4      0x210 ./Drivers/STM32F1xx_HAL_Driver/Src/stm32f1xx_hal_tim.o
                0x00000000080029b4                HAL_TIM_IRQHandler
 .text.HAL_TIM_ConfigClockSource
                0x0000000008002bc4      0x18e ./Drivers/STM32F1xx_HAL_Driver/Src/stm32f1xx_hal_tim.o
                0x0000000008002bc4                HAL_TIM_ConfigClockSource
 .text.HAL_TIM_OC_DelayElapsedCallback
                0x0000000008002d52       0x12 ./Drivers/STM32F1xx_HAL_Driver/Src/stm32f1xx_hal_tim.o
                0x0000000008002d52                HAL_TIM_OC_DelayElapsedCallback
 .text.HAL_TIM_IC_CaptureCallback
                0x0000000008002d64       0x12 ./Drivers/STM32F1xx_HAL_Driver/Src/stm32f1xx_hal_tim.o
                0x0000000008002d64                HAL_TIM_IC_CaptureCallback
 .text.HAL_TIM_PWM_PulseFinishedCallback
                0x0000000008002d76       0x12 ./Drivers/STM32F1xx_HAL_Driver/Src/stm32f1xx_hal_tim.o
                0x0000000008002d76                HAL_TIM_PWM_PulseFinishedCallback
 .text.HAL_TIM_TriggerCallback
                0x0000000008002d88       0x12 ./Drivers/STM32F1xx_HAL_Driver/Src/stm32f1xx_hal_tim.o
                0x0000000008002d88                HAL_TIM_TriggerCallback
 *fill*         0x0000000008002d9a        0x2 
 .text.TIM_Base_SetConfig
                0x0000000008002d9c       0xb0 ./Drivers/STM32F1xx_HAL_Driver/Src/stm32f1xx_hal_tim.o
                0x0000000008002d9c                TIM_Base_SetConfig
 .text.TIM_TI1_ConfigInputStage
                0x0000000008002e4c       0x5c ./Drivers/STM32F1xx_HAL_Driver/Src/stm32f1xx_hal_tim.o
 .text.TIM_TI2_ConfigInputStage
                0x0000000008002ea8       0x5e ./Drivers/STM32F1xx_HAL_Driver/Src/stm32f1xx_hal_tim.o
 .text.TIM_ITRx_SetConfig
                0x0000000008002f06       0x34 ./Drivers/STM32F1xx_HAL_Driver/Src/stm32f1xx_hal_tim.o
 .text.TIM_ETR_SetConfig
                0x0000000008002f3a       0x3e ./Drivers/STM32F1xx_HAL_Driver/Src/stm32f1xx_hal_tim.o
                0x0000000008002f3a                TIM_ETR_SetConfig
 .text.HAL_TIMEx_MasterConfigSynchronization
                0x0000000008002f78       0xb0 ./Drivers/STM32F1xx_HAL_Driver/Src/stm32f1xx_hal_tim_ex.o
                0x0000000008002f78                HAL_TIMEx_MasterConfigSynchronization
 .text.HAL_TIMEx_CommutCallback
                0x0000000008003028       0x12 ./Drivers/STM32F1xx_HAL_Driver/Src/stm32f1xx_hal_tim_ex.o
                0x0000000008003028                HAL_TIMEx_CommutCallback
 .text.HAL_TIMEx_BreakCallback
                0x000000000800303a       0x12 ./Drivers/STM32F1xx_HAL_Driver/Src/stm32f1xx_hal_tim_ex.o
                0x000000000800303a                HAL_TIMEx_BreakCallback
 .text.__libc_init_array
                0x000000000800304c       0x48 c:/st/stm32cubeide_1.7.0/stm32cubeide/plugins/com.st.stm32cube.ide.mcu.externaltools.gnu-tools-for-stm32.9-2020-q2-update.win32_2.0.0.202105311346/tools/bin/../lib/gcc/arm-none-eabi/9.3.1/../../../../arm-none-eabi/lib/thumb/v7-m/nofp\libc_nano.a(lib_a-init.o)
                0x000000000800304c                __libc_init_array
 .text.memset   0x0000000008003094       0x10 c:/st/stm32cubeide_1.7.0/stm32cubeide/plugins/com.st.stm32cube.ide.mcu.externaltools.gnu-tools-for-stm32.9-2020-q2-update.win32_2.0.0.202105311346/tools/bin/../lib/gcc/arm-none-eabi/9.3.1/../../../../arm-none-eabi/lib/thumb/v7-m/nofp\libc_nano.a(lib_a-memset.o)
                0x0000000008003094                memset
 *(.glue_7)
 .glue_7        0x00000000080030a4        0x0 linker stubs
 *(.glue_7t)
 .glue_7t       0x00000000080030a4        0x0 linker stubs
 *(.eh_frame)
 .eh_frame      0x00000000080030a4        0x0 c:/st/stm32cubeide_1.7.0/stm32cubeide/plugins/com.st.stm32cube.ide.mcu.externaltools.gnu-tools-for-stm32.9-2020-q2-update.win32_2.0.0.202105311346/tools/bin/../lib/gcc/arm-none-eabi/9.3.1/thumb/v7-m/nofp/crtbegin.o
 *(.init)
 .init          0x00000000080030a4        0x4 c:/st/stm32cubeide_1.7.0/stm32cubeide/plugins/com.st.stm32cube.ide.mcu.externaltools.gnu-tools-for-stm32.9-2020-q2-update.win32_2.0.0.202105311346/tools/bin/../lib/gcc/arm-none-eabi/9.3.1/thumb/v7-m/nofp/crti.o
                0x00000000080030a4                _init
 .init          0x00000000080030a8        0x8 c:/st/stm32cubeide_1.7.0/stm32cubeide/plugins/com.st.stm32cube.ide.mcu.externaltools.gnu-tools-for-stm32.9-2020-q2-update.win32_2.0.0.202105311346/tools/bin/../lib/gcc/arm-none-eabi/9.3.1/thumb/v7-m/nofp/crtn.o
 *(.fini)
 .fini          0x00000000080030b0        0x4 c:/st/stm32cubeide_1.7.0/stm32cubeide/plugins/com.st.stm32cube.ide.mcu.externaltools.gnu-tools-for-stm32.9-2020-q2-update.win32_2.0.0.202105311346/tools/bin/../lib/gcc/arm-none-eabi/9.3.1/thumb/v7-m/nofp/crti.o
                0x00000000080030b0                _fini
 .fini          0x00000000080030b4        0x8 c:/st/stm32cubeide_1.7.0/stm32cubeide/plugins/com.st.stm32cube.ide.mcu.externaltools.gnu-tools-for-stm32.9-2020-q2-update.win32_2.0.0.202105311346/tools/bin/../lib/gcc/arm-none-eabi/9.3.1/thumb/v7-m/nofp/crtn.o
                0x00000000080030bc                . = ALIGN (0x4)
                0x00000000080030bc                _etext = .

.vfp11_veneer   0x00000000080030bc        0x0
 .vfp11_veneer  0x00000000080030bc        0x0 linker stubs

.v4_bx          0x00000000080030bc        0x0
 .v4_bx         0x00000000080030bc        0x0 linker stubs

.iplt           0x00000000080030bc        0x0
 .iplt          0x00000000080030bc        0x0 c:/st/stm32cubeide_1.7.0/stm32cubeide/plugins/com.st.stm32cube.ide.mcu.externaltools.gnu-tools-for-stm32.9-2020-q2-update.win32_2.0.0.202105311346/tools/bin/../lib/gcc/arm-none-eabi/9.3.1/thumb/v7-m/nofp/crtbegin.o

.rodata         0x00000000080030bc       0x24
                0x00000000080030bc                . = ALIGN (0x4)
 *(.rodata)
 *(.rodata*)
 .rodata.AHBPrescTable
                0x00000000080030bc       0x10 ./Core/Src/system_stm32f1xx.o
                0x00000000080030bc                AHBPrescTable
 .rodata.aPLLMULFactorTable.6032
                0x00000000080030cc       0x10 ./Drivers/STM32F1xx_HAL_Driver/Src/stm32f1xx_hal_rcc.o
 .rodata.aPredivFactorTable.6033
                0x00000000080030dc        0x2 ./Drivers/STM32F1xx_HAL_Driver/Src/stm32f1xx_hal_rcc.o
                0x00000000080030e0                . = ALIGN (0x4)
 *fill*         0x00000000080030de        0x2 

.rel.dyn        0x00000000080030e0        0x0
 .rel.iplt      0x00000000080030e0        0x0 c:/st/stm32cubeide_1.7.0/stm32cubeide/plugins/com.st.stm32cube.ide.mcu.externaltools.gnu-tools-for-stm32.9-2020-q2-update.win32_2.0.0.202105311346/tools/bin/../lib/gcc/arm-none-eabi/9.3.1/thumb/v7-m/nofp/crtbegin.o

.ARM.extab      0x00000000080030e0        0x0
                0x00000000080030e0                . = ALIGN (0x4)
 *(.ARM.extab* .gnu.linkonce.armextab.*)
                0x00000000080030e0                . = ALIGN (0x4)

.ARM            0x00000000080030e0        0x0
                0x00000000080030e0                . = ALIGN (0x4)
                0x00000000080030e0                __exidx_start = .
 *(.ARM.exidx*)
                0x00000000080030e0                __exidx_end = .
                0x00000000080030e0                . = ALIGN (0x4)

.preinit_array  0x00000000080030e0        0x0
                0x00000000080030e0                . = ALIGN (0x4)
                0x00000000080030e0                PROVIDE (__preinit_array_start = .)
 *(.preinit_array*)
                0x00000000080030e0                PROVIDE (__preinit_array_end = .)
                0x00000000080030e0                . = ALIGN (0x4)

.init_array     0x00000000080030e0        0x4
                0x00000000080030e0                . = ALIGN (0x4)
                0x00000000080030e0                PROVIDE (__init_array_start = .)
 *(SORT_BY_NAME(.init_array.*))
 *(.init_array*)
 .init_array    0x00000000080030e0        0x4 c:/st/stm32cubeide_1.7.0/stm32cubeide/plugins/com.st.stm32cube.ide.mcu.externaltools.gnu-tools-for-stm32.9-2020-q2-update.win32_2.0.0.202105311346/tools/bin/../lib/gcc/arm-none-eabi/9.3.1/thumb/v7-m/nofp/crtbegin.o
                0x00000000080030e4                PROVIDE (__init_array_end = .)
                0x00000000080030e4                . = ALIGN (0x4)

.fini_array     0x00000000080030e4        0x4
                0x00000000080030e4                . = ALIGN (0x4)
                [!provide]                        PROVIDE (__fini_array_start = .)
 *(SORT_BY_NAME(.fini_array.*))
 *(.fini_array*)
 .fini_array    0x00000000080030e4        0x4 c:/st/stm32cubeide_1.7.0/stm32cubeide/plugins/com.st.stm32cube.ide.mcu.externaltools.gnu-tools-for-stm32.9-2020-q2-update.win32_2.0.0.202105311346/tools/bin/../lib/gcc/arm-none-eabi/9.3.1/thumb/v7-m/nofp/crtbegin.o
                [!provide]                        PROVIDE (__fini_array_end = .)
                0x00000000080030e8                . = ALIGN (0x4)
                0x00000000080030e8                _sidata = LOADADDR (.data)

.data           0x0000000020000000       0x18 load address 0x00000000080030e8
                0x0000000020000000                . = ALIGN (0x4)
                0x0000000020000000                _sdata = .
 *(.data)
 *(.data*)
 .data.redDuration
                0x0000000020000000        0x4 ./Core/Src/global.o
                0x0000000020000000                redDuration
 .data.greenDuration
                0x0000000020000004        0x4 ./Core/Src/global.o
                0x0000000020000004                greenDuration
 .data.amberDuration
                0x0000000020000008        0x4 ./Core/Src/global.o
                0x0000000020000008                amberDuration
 .data.SystemCoreClock
                0x000000002000000c        0x4 ./Core/Src/system_stm32f1xx.o
                0x000000002000000c                SystemCoreClock
 .data.uwTickPrio
                0x0000000020000010        0x4 ./Drivers/STM32F1xx_HAL_Driver/Src/stm32f1xx_hal.o
                0x0000000020000010                uwTickPrio
 .data.uwTickFreq
                0x0000000020000014        0x1 ./Drivers/STM32F1xx_HAL_Driver/Src/stm32f1xx_hal.o
                0x0000000020000014                uwTickFreq
 *(.RamFunc)
 *(.RamFunc*)
                0x0000000020000018                . = ALIGN (0x4)
 *fill*         0x0000000020000015        0x3 
                0x0000000020000018                _edata = .

.igot.plt       0x0000000020000018        0x0 load address 0x0000000008003100
 .igot.plt      0x0000000020000018        0x0 c:/st/stm32cubeide_1.7.0/stm32cubeide/plugins/com.st.stm32cube.ide.mcu.externaltools.gnu-tools-for-stm32.9-2020-q2-update.win32_2.0.0.202105311346/tools/bin/../lib/gcc/arm-none-eabi/9.3.1/thumb/v7-m/nofp/crtbegin.o
                0x0000000020000018                . = ALIGN (0x4)

.bss            0x0000000020000018      0x104 load address 0x0000000008003100
                0x0000000020000018                _sbss = .
                0x0000000020000018                __bss_start__ = _sbss
 *(.bss)
 .bss           0x0000000020000018       0x1c c:/st/stm32cubeide_1.7.0/stm32cubeide/plugins/com.st.stm32cube.ide.mcu.externaltools.gnu-tools-for-stm32.9-2020-q2-update.win32_2.0.0.202105311346/tools/bin/../lib/gcc/arm-none-eabi/9.3.1/thumb/v7-m/nofp/crtbegin.o
 *(.bss*)
 .bss.status    0x0000000020000034        0x4 ./Core/Src/global.o
                0x0000000020000034                status
 .bss.road1     0x0000000020000038        0x4 ./Core/Src/global.o
                0x0000000020000038                road1
 .bss.road2     0x000000002000003c        0x4 ./Core/Src/global.o
                0x000000002000003c                road2
 .bss.mode      0x0000000020000040        0x4 ./Core/Src/global.o
                0x0000000020000040                mode
 .bss.led_buffer
                0x0000000020000044       0x10 ./Core/Src/graphic.o
                0x0000000020000044                led_buffer
 .bss.timer1_flag
                0x0000000020000054        0x4 ./Core/Src/software_timer.o
                0x0000000020000054                timer1_flag
 .bss.counter1  0x0000000020000058        0x4 ./Core/Src/software_timer.o
                0x0000000020000058                counter1
 .bss.timer2_flag
                0x000000002000005c        0x4 ./Core/Src/software_timer.o
                0x000000002000005c                timer2_flag
 .bss.counter2  0x0000000020000060        0x4 ./Core/Src/software_timer.o
                0x0000000020000060                counter2
 .bss.timer3_flag
                0x0000000020000064        0x4 ./Core/Src/software_timer.o
                0x0000000020000064                timer3_flag
 .bss.counter3  0x0000000020000068        0x4 ./Core/Src/software_timer.o
                0x0000000020000068                counter3
 *(COMMON)
 COMMON         0x000000002000006c       0x48 ./Core/Src/button.o
                0x000000002000006c                buttonLastStage
                0x0000000020000078                TimerForKeyPressed
                0x0000000020000084                button_flag
                0x0000000020000090                buttonDebounce2
                0x000000002000009c                buttonDebounce0
                0x00000000200000a8                buttonDebounce1
 COMMON         0x00000000200000b4       0x1c ./Core/Src/global.o
                0x00000000200000b4                amberCounter
                0x00000000200000b8                tempRed
                0x00000000200000bc                greenCounter
                0x00000000200000c0                redCounter
                0x00000000200000c4                tempAmber
                0x00000000200000c8                tempGreen
                0x00000000200000cc                TICK
 COMMON         0x00000000200000d0       0x48 ./Core/Src/main.o
                0x00000000200000d0                htim2
 COMMON         0x0000000020000118        0x4 ./Drivers/STM32F1xx_HAL_Driver/Src/stm32f1xx_hal.o
                0x0000000020000118                uwTick
                0x000000002000011c                . = ALIGN (0x4)
                0x000000002000011c                _ebss = .
                0x000000002000011c                __bss_end__ = _ebss

._user_heap_stack
                0x000000002000011c      0x604 load address 0x0000000008003100
                0x0000000020000120                . = ALIGN (0x8)
 *fill*         0x000000002000011c        0x4 
                [!provide]                        PROVIDE (end = .)
                0x0000000020000120                PROVIDE (_end = .)
                0x0000000020000320                . = (. + _Min_Heap_Size)
 *fill*         0x0000000020000120      0x200 
                0x0000000020000720                . = (. + _Min_Stack_Size)
 *fill*         0x0000000020000320      0x400 
                0x0000000020000720                . = ALIGN (0x8)

/DISCARD/
 libc.a(*)
 libm.a(*)
 libgcc.a(*)

.ARM.attributes
                0x0000000000000000       0x29
 *(.ARM.attributes)
 .ARM.attributes
                0x0000000000000000       0x1d c:/st/stm32cubeide_1.7.0/stm32cubeide/plugins/com.st.stm32cube.ide.mcu.externaltools.gnu-tools-for-stm32.9-2020-q2-update.win32_2.0.0.202105311346/tools/bin/../lib/gcc/arm-none-eabi/9.3.1/thumb/v7-m/nofp/crti.o
 .ARM.attributes
                0x000000000000001d       0x2d c:/st/stm32cubeide_1.7.0/stm32cubeide/plugins/com.st.stm32cube.ide.mcu.externaltools.gnu-tools-for-stm32.9-2020-q2-update.win32_2.0.0.202105311346/tools/bin/../lib/gcc/arm-none-eabi/9.3.1/thumb/v7-m/nofp/crtbegin.o
 .ARM.attributes
                0x000000000000004a       0x2d ./Core/Src/button.o
 .ARM.attributes
                0x0000000000000077       0x2d ./Core/Src/fsm_automatic.o
 .ARM.attributes
                0x00000000000000a4       0x2d ./Core/Src/fsm_manual.o
 .ARM.attributes
                0x00000000000000d1       0x33 ./Core/Src/global.o
 .ARM.attributes
                0x0000000000000104       0x2d ./Core/Src/graphic.o
 .ARM.attributes
                0x0000000000000131       0x2d ./Core/Src/main.o
 .ARM.attributes
                0x000000000000015e       0x2d ./Core/Src/software_timer.o
 .ARM.attributes
                0x000000000000018b       0x2d ./Core/Src/stm32f1xx_hal_msp.o
 .ARM.attributes
                0x00000000000001b8       0x2d ./Core/Src/stm32f1xx_it.o
 .ARM.attributes
                0x00000000000001e5       0x2d ./Core/Src/system_stm32f1xx.o
 .ARM.attributes
                0x0000000000000212       0x21 ./Core/Startup/startup_stm32f103c6ux.o
 .ARM.attributes
                0x0000000000000233       0x2d ./Drivers/STM32F1xx_HAL_Driver/Src/stm32f1xx_hal.o
 .ARM.attributes
                0x0000000000000260       0x2d ./Drivers/STM32F1xx_HAL_Driver/Src/stm32f1xx_hal_cortex.o
 .ARM.attributes
                0x000000000000028d       0x2d ./Drivers/STM32F1xx_HAL_Driver/Src/stm32f1xx_hal_gpio.o
 .ARM.attributes
                0x00000000000002ba       0x2d ./Drivers/STM32F1xx_HAL_Driver/Src/stm32f1xx_hal_rcc.o
 .ARM.attributes
                0x00000000000002e7       0x2d ./Drivers/STM32F1xx_HAL_Driver/Src/stm32f1xx_hal_tim.o
 .ARM.attributes
                0x0000000000000314       0x2d ./Drivers/STM32F1xx_HAL_Driver/Src/stm32f1xx_hal_tim_ex.o
 .ARM.attributes
                0x0000000000000341       0x2d c:/st/stm32cubeide_1.7.0/stm32cubeide/plugins/com.st.stm32cube.ide.mcu.externaltools.gnu-tools-for-stm32.9-2020-q2-update.win32_2.0.0.202105311346/tools/bin/../lib/gcc/arm-none-eabi/9.3.1/../../../../arm-none-eabi/lib/thumb/v7-m/nofp\libc_nano.a(lib_a-init.o)
 .ARM.attributes
                0x000000000000036e       0x2d c:/st/stm32cubeide_1.7.0/stm32cubeide/plugins/com.st.stm32cube.ide.mcu.externaltools.gnu-tools-for-stm32.9-2020-q2-update.win32_2.0.0.202105311346/tools/bin/../lib/gcc/arm-none-eabi/9.3.1/../../../../arm-none-eabi/lib/thumb/v7-m/nofp\libc_nano.a(lib_a-memset.o)
 .ARM.attributes
                0x000000000000039b       0x1d c:/st/stm32cubeide_1.7.0/stm32cubeide/plugins/com.st.stm32cube.ide.mcu.externaltools.gnu-tools-for-stm32.9-2020-q2-update.win32_2.0.0.202105311346/tools/bin/../lib/gcc/arm-none-eabi/9.3.1/thumb/v7-m/nofp\libgcc.a(_arm_addsubsf3.o)
 .ARM.attributes
                0x00000000000003b8       0x1d c:/st/stm32cubeide_1.7.0/stm32cubeide/plugins/com.st.stm32cube.ide.mcu.externaltools.gnu-tools-for-stm32.9-2020-q2-update.win32_2.0.0.202105311346/tools/bin/../lib/gcc/arm-none-eabi/9.3.1/thumb/v7-m/nofp\libgcc.a(_arm_muldivsf3.o)
 .ARM.attributes
                0x00000000000003d5       0x1d c:/st/stm32cubeide_1.7.0/stm32cubeide/plugins/com.st.stm32cube.ide.mcu.externaltools.gnu-tools-for-stm32.9-2020-q2-update.win32_2.0.0.202105311346/tools/bin/../lib/gcc/arm-none-eabi/9.3.1/thumb/v7-m/nofp\libgcc.a(_arm_fixsfsi.o)
 .ARM.attributes
                0x00000000000003f2       0x1d c:/st/stm32cubeide_1.7.0/stm32cubeide/plugins/com.st.stm32cube.ide.mcu.externaltools.gnu-tools-for-stm32.9-2020-q2-update.win32_2.0.0.202105311346/tools/bin/../lib/gcc/arm-none-eabi/9.3.1/thumb/v7-m/nofp/crtn.o
OUTPUT(LAB3_EX.elf elf32-littlearm)
LOAD linker stubs
LOAD c:/st/stm32cubeide_1.7.0/stm32cubeide/plugins/com.st.stm32cube.ide.mcu.externaltools.gnu-tools-for-stm32.9-2020-q2-update.win32_2.0.0.202105311346/tools/bin/../lib/gcc/arm-none-eabi/9.3.1/../../../../arm-none-eabi/lib/thumb/v7-m/nofp\libc.a
LOAD c:/st/stm32cubeide_1.7.0/stm32cubeide/plugins/com.st.stm32cube.ide.mcu.externaltools.gnu-tools-for-stm32.9-2020-q2-update.win32_2.0.0.202105311346/tools/bin/../lib/gcc/arm-none-eabi/9.3.1/../../../../arm-none-eabi/lib/thumb/v7-m/nofp\libm.a
LOAD c:/st/stm32cubeide_1.7.0/stm32cubeide/plugins/com.st.stm32cube.ide.mcu.externaltools.gnu-tools-for-stm32.9-2020-q2-update.win32_2.0.0.202105311346/tools/bin/../lib/gcc/arm-none-eabi/9.3.1/thumb/v7-m/nofp\libgcc.a

.debug_info     0x0000000000000000     0x98e1
 .debug_info    0x0000000000000000      0x351 ./Core/Src/button.o
 .debug_info    0x0000000000000351      0x2c3 ./Core/Src/fsm_automatic.o
 .debug_info    0x0000000000000614      0x2b1 ./Core/Src/fsm_manual.o
 .debug_info    0x00000000000008c5      0x324 ./Core/Src/global.o
 .debug_info    0x0000000000000be9      0x430 ./Core/Src/graphic.o
 .debug_info    0x0000000000001019      0xcaf ./Core/Src/main.o
 .debug_info    0x0000000000001cc8      0x348 ./Core/Src/software_timer.o
 .debug_info    0x0000000000002010      0xa09 ./Core/Src/stm32f1xx_hal_msp.o
 .debug_info    0x0000000000002a19      0x7b9 ./Core/Src/stm32f1xx_it.o
 .debug_info    0x00000000000031d2      0x2be ./Core/Src/system_stm32f1xx.o
 .debug_info    0x0000000000003490       0x22 ./Core/Startup/startup_stm32f103c6ux.o
 .debug_info    0x00000000000034b2      0x74c ./Drivers/STM32F1xx_HAL_Driver/Src/stm32f1xx_hal.o
 .debug_info    0x0000000000003bfe      0xbbe ./Drivers/STM32F1xx_HAL_Driver/Src/stm32f1xx_hal_cortex.o
 .debug_info    0x00000000000047bc      0x701 ./Drivers/STM32F1xx_HAL_Driver/Src/stm32f1xx_hal_gpio.o
 .debug_info    0x0000000000004ebd      0x893 ./Drivers/STM32F1xx_HAL_Driver/Src/stm32f1xx_hal_rcc.o
 .debug_info    0x0000000000005750     0x2c12 ./Drivers/STM32F1xx_HAL_Driver/Src/stm32f1xx_hal_tim.o
 .debug_info    0x0000000000008362     0x157f ./Drivers/STM32F1xx_HAL_Driver/Src/stm32f1xx_hal_tim_ex.o

.debug_abbrev   0x0000000000000000     0x1b83
 .debug_abbrev  0x0000000000000000      0x188 ./Core/Src/button.o
 .debug_abbrev  0x0000000000000188       0xec ./Core/Src/fsm_automatic.o
 .debug_abbrev  0x0000000000000274       0xd4 ./Core/Src/fsm_manual.o
 .debug_abbrev  0x0000000000000348       0xa9 ./Core/Src/global.o
 .debug_abbrev  0x00000000000003f1      0x17d ./Core/Src/graphic.o
 .debug_abbrev  0x000000000000056e      0x24a ./Core/Src/main.o
 .debug_abbrev  0x00000000000007b8      0x11f ./Core/Src/software_timer.o
 .debug_abbrev  0x00000000000008d7      0x1b7 ./Core/Src/stm32f1xx_hal_msp.o
 .debug_abbrev  0x0000000000000a8e      0x176 ./Core/Src/stm32f1xx_it.o
 .debug_abbrev  0x0000000000000c04      0x14e ./Core/Src/system_stm32f1xx.o
 .debug_abbrev  0x0000000000000d52       0x12 ./Core/Startup/startup_stm32f103c6ux.o
 .debug_abbrev  0x0000000000000d64      0x1ed ./Drivers/STM32F1xx_HAL_Driver/Src/stm32f1xx_hal.o
 .debug_abbrev  0x0000000000000f51      0x313 ./Drivers/STM32F1xx_HAL_Driver/Src/stm32f1xx_hal_cortex.o
 .debug_abbrev  0x0000000000001264      0x1e8 ./Drivers/STM32F1xx_HAL_Driver/Src/stm32f1xx_hal_gpio.o
 .debug_abbrev  0x000000000000144c      0x273 ./Drivers/STM32F1xx_HAL_Driver/Src/stm32f1xx_hal_rcc.o
 .debug_abbrev  0x00000000000016bf      0x25e ./Drivers/STM32F1xx_HAL_Driver/Src/stm32f1xx_hal_tim.o
 .debug_abbrev  0x000000000000191d      0x266 ./Drivers/STM32F1xx_HAL_Driver/Src/stm32f1xx_hal_tim_ex.o

.debug_aranges  0x0000000000000000      0xa50
 .debug_aranges
                0x0000000000000000       0x38 ./Core/Src/button.o
 .debug_aranges
                0x0000000000000038       0x28 ./Core/Src/fsm_automatic.o
 .debug_aranges
                0x0000000000000060       0x20 ./Core/Src/fsm_manual.o
 .debug_aranges
                0x0000000000000080       0x18 ./Core/Src/global.o
 .debug_aranges
                0x0000000000000098       0x50 ./Core/Src/graphic.o
 .debug_aranges
                0x00000000000000e8       0x48 ./Core/Src/main.o
 .debug_aranges
                0x0000000000000130       0x38 ./Core/Src/software_timer.o
 .debug_aranges
                0x0000000000000168       0x30 ./Core/Src/stm32f1xx_hal_msp.o
 .debug_aranges
                0x0000000000000198       0x68 ./Core/Src/stm32f1xx_it.o
 .debug_aranges
                0x0000000000000200       0x28 ./Core/Src/system_stm32f1xx.o
 .debug_aranges
                0x0000000000000228       0x28 ./Core/Startup/startup_stm32f103c6ux.o
 .debug_aranges
                0x0000000000000250       0xe0 ./Drivers/STM32F1xx_HAL_Driver/Src/stm32f1xx_hal.o
 .debug_aranges
                0x0000000000000330      0x100 ./Drivers/STM32F1xx_HAL_Driver/Src/stm32f1xx_hal_cortex.o
 .debug_aranges
                0x0000000000000430       0x58 ./Drivers/STM32F1xx_HAL_Driver/Src/stm32f1xx_hal_gpio.o
 .debug_aranges
                0x0000000000000488       0x90 ./Drivers/STM32F1xx_HAL_Driver/Src/stm32f1xx_hal_rcc.o
 .debug_aranges
                0x0000000000000518      0x3d0 ./Drivers/STM32F1xx_HAL_Driver/Src/stm32f1xx_hal_tim.o
 .debug_aranges
                0x00000000000008e8      0x168 ./Drivers/STM32F1xx_HAL_Driver/Src/stm32f1xx_hal_tim_ex.o

.debug_ranges   0x0000000000000000      0x940
 .debug_ranges  0x0000000000000000       0x28 ./Core/Src/button.o
 .debug_ranges  0x0000000000000028       0x18 ./Core/Src/fsm_automatic.o
 .debug_ranges  0x0000000000000040       0x10 ./Core/Src/fsm_manual.o
 .debug_ranges  0x0000000000000050       0x40 ./Core/Src/graphic.o
 .debug_ranges  0x0000000000000090       0x38 ./Core/Src/main.o
 .debug_ranges  0x00000000000000c8       0x28 ./Core/Src/software_timer.o
 .debug_ranges  0x00000000000000f0       0x20 ./Core/Src/stm32f1xx_hal_msp.o
 .debug_ranges  0x0000000000000110       0x58 ./Core/Src/stm32f1xx_it.o
 .debug_ranges  0x0000000000000168       0x18 ./Core/Src/system_stm32f1xx.o
 .debug_ranges  0x0000000000000180       0x20 ./Core/Startup/startup_stm32f103c6ux.o
 .debug_ranges  0x00000000000001a0       0xd0 ./Drivers/STM32F1xx_HAL_Driver/Src/stm32f1xx_hal.o
 .debug_ranges  0x0000000000000270       0xf0 ./Drivers/STM32F1xx_HAL_Driver/Src/stm32f1xx_hal_cortex.o
 .debug_ranges  0x0000000000000360       0x48 ./Drivers/STM32F1xx_HAL_Driver/Src/stm32f1xx_hal_gpio.o
 .debug_ranges  0x00000000000003a8       0x80 ./Drivers/STM32F1xx_HAL_Driver/Src/stm32f1xx_hal_rcc.o
 .debug_ranges  0x0000000000000428      0x3c0 ./Drivers/STM32F1xx_HAL_Driver/Src/stm32f1xx_hal_tim.o
 .debug_ranges  0x00000000000007e8      0x158 ./Drivers/STM32F1xx_HAL_Driver/Src/stm32f1xx_hal_tim_ex.o

.debug_macro    0x0000000000000000    0x16e94
 .debug_macro   0x0000000000000000      0x1b5 ./Core/Src/button.o
 .debug_macro   0x00000000000001b5      0xa9c ./Core/Src/button.o
 .debug_macro   0x0000000000000c51      0x215 ./Core/Src/button.o
 .debug_macro   0x0000000000000e66       0x2e ./Core/Src/button.o
 .debug_macro   0x0000000000000e94       0x22 ./Core/Src/button.o
 .debug_macro   0x0000000000000eb6       0x22 ./Core/Src/button.o
 .debug_macro   0x0000000000000ed8       0x8e ./Core/Src/button.o
 .debug_macro   0x0000000000000f66       0x51 ./Core/Src/button.o
 .debug_macro   0x0000000000000fb7      0x103 ./Core/Src/button.o
 .debug_macro   0x00000000000010ba       0x6a ./Core/Src/button.o
 .debug_macro   0x0000000000001124      0x1df ./Core/Src/button.o
 .debug_macro   0x0000000000001303       0x1c ./Core/Src/button.o
 .debug_macro   0x000000000000131f       0x22 ./Core/Src/button.o
 .debug_macro   0x0000000000001341       0xc3 ./Core/Src/button.o
 .debug_macro   0x0000000000001404      0xd23 ./Core/Src/button.o
 .debug_macro   0x0000000000002127     0xde75 ./Core/Src/button.o
 .debug_macro   0x000000000000ff9c       0x6d ./Core/Src/button.o
 .debug_macro   0x0000000000010009     0x348d ./Core/Src/button.o
 .debug_macro   0x0000000000013496      0x174 ./Core/Src/button.o
 .debug_macro   0x000000000001360a       0x5c ./Core/Src/button.o
 .debug_macro   0x0000000000013666      0x5bc ./Core/Src/button.o
 .debug_macro   0x0000000000013c22      0x1b7 ./Core/Src/button.o
 .debug_macro   0x0000000000013dd9      0x1cb ./Core/Src/button.o
 .debug_macro   0x0000000000013fa4      0x114 ./Core/Src/button.o
 .debug_macro   0x00000000000140b8      0x1b2 ./Core/Src/button.o
 .debug_macro   0x000000000001426a       0x27 ./Core/Src/button.o
 .debug_macro   0x0000000000014291      0x12f ./Core/Src/button.o
 .debug_macro   0x00000000000143c0      0x1bc ./Core/Src/button.o
 .debug_macro   0x000000000001457c       0x34 ./Core/Src/button.o
 .debug_macro   0x00000000000145b0       0x3c ./Core/Src/button.o
 .debug_macro   0x00000000000145ec       0x57 ./Core/Src/button.o
 .debug_macro   0x0000000000014643       0x87 ./Core/Src/button.o
 .debug_macro   0x00000000000146ca      0x183 ./Core/Src/button.o
 .debug_macro   0x000000000001484d      0x140 ./Core/Src/button.o
 .debug_macro   0x000000000001498d      0x8ed ./Core/Src/button.o
 .debug_macro   0x000000000001527a       0x69 ./Core/Src/button.o
 .debug_macro   0x00000000000152e3       0xf4 ./Core/Src/button.o
 .debug_macro   0x00000000000153d7       0x16 ./Core/Src/button.o
 .debug_macro   0x00000000000153ed      0x1e0 ./Core/Src/fsm_automatic.o
 .debug_macro   0x00000000000155cd       0x1c ./Core/Src/fsm_automatic.o
 .debug_macro   0x00000000000155e9       0x3a ./Core/Src/fsm_automatic.o
 .debug_macro   0x0000000000015623      0x1e0 ./Core/Src/fsm_manual.o
 .debug_macro   0x0000000000015803      0x1d6 ./Core/Src/global.o
 .debug_macro   0x00000000000159d9      0x1da ./Core/Src/graphic.o
 .debug_macro   0x0000000000015bb3      0x1ee ./Core/Src/main.o
 .debug_macro   0x0000000000015da1      0x1da ./Core/Src/software_timer.o
 .debug_macro   0x0000000000015f7b      0x1a6 ./Core/Src/stm32f1xx_hal_msp.o
 .debug_macro   0x0000000000016121      0x1b0 ./Core/Src/stm32f1xx_it.o
 .debug_macro   0x00000000000162d1      0x197 ./Core/Src/system_stm32f1xx.o
 .debug_macro   0x0000000000016468      0x1bb ./Drivers/STM32F1xx_HAL_Driver/Src/stm32f1xx_hal.o
 .debug_macro   0x0000000000016623      0x197 ./Drivers/STM32F1xx_HAL_Driver/Src/stm32f1xx_hal_cortex.o
 .debug_macro   0x00000000000167ba      0x202 ./Drivers/STM32F1xx_HAL_Driver/Src/stm32f1xx_hal_gpio.o
 .debug_macro   0x00000000000169bc      0x1a9 ./Drivers/STM32F1xx_HAL_Driver/Src/stm32f1xx_hal_rcc.o
 .debug_macro   0x0000000000016b65      0x198 ./Drivers/STM32F1xx_HAL_Driver/Src/stm32f1xx_hal_tim.o
 .debug_macro   0x0000000000016cfd      0x197 ./Drivers/STM32F1xx_HAL_Driver/Src/stm32f1xx_hal_tim_ex.o

.debug_line     0x0000000000000000     0xbfe4
 .debug_line    0x0000000000000000      0x76e ./Core/Src/button.o
 .debug_line    0x000000000000076e      0x791 ./Core/Src/fsm_automatic.o
 .debug_line    0x0000000000000eff      0x7a3 ./Core/Src/fsm_manual.o
 .debug_line    0x00000000000016a2      0x67a ./Core/Src/global.o
 .debug_line    0x0000000000001d1c      0x805 ./Core/Src/graphic.o
 .debug_line    0x0000000000002521      0x824 ./Core/Src/main.o
 .debug_line    0x0000000000002d45      0x723 ./Core/Src/software_timer.o
 .debug_line    0x0000000000003468      0x6a1 ./Core/Src/stm32f1xx_hal_msp.o
 .debug_line    0x0000000000003b09      0x73f ./Core/Src/stm32f1xx_it.o
 .debug_line    0x0000000000004248      0x6e3 ./Core/Src/system_stm32f1xx.o
 .debug_line    0x000000000000492b       0x86 ./Core/Startup/startup_stm32f103c6ux.o
 .debug_line    0x00000000000049b1      0x910 ./Drivers/STM32F1xx_HAL_Driver/Src/stm32f1xx_hal.o
 .debug_line    0x00000000000052c1      0xaf8 ./Drivers/STM32F1xx_HAL_Driver/Src/stm32f1xx_hal_cortex.o
 .debug_line    0x0000000000005db9      0x993 ./Drivers/STM32F1xx_HAL_Driver/Src/stm32f1xx_hal_gpio.o
 .debug_line    0x000000000000674c      0xd1c ./Drivers/STM32F1xx_HAL_Driver/Src/stm32f1xx_hal_rcc.o
 .debug_line    0x0000000000007468     0x3346 ./Drivers/STM32F1xx_HAL_Driver/Src/stm32f1xx_hal_tim.o
 .debug_line    0x000000000000a7ae     0x1836 ./Drivers/STM32F1xx_HAL_Driver/Src/stm32f1xx_hal_tim_ex.o

.debug_str      0x0000000000000000    0x823b5
 .debug_str     0x0000000000000000    0x7f7a1 ./Core/Src/button.o
                                      0x7fb08 (size before relaxing)
 .debug_str     0x000000000007f7a1      0x1b5 ./Core/Src/fsm_automatic.o
                                      0x7fbd4 (size before relaxing)
 .debug_str     0x000000000007f956       0x3b ./Core/Src/fsm_manual.o
                                      0x7fbc2 (size before relaxing)
 .debug_str     0x000000000007f991       0x15 ./Core/Src/global.o
                                      0x7fb7d (size before relaxing)
 .debug_str     0x000000000007f9a6       0x7c ./Core/Src/graphic.o
                                      0x7fc2e (size before relaxing)
 .debug_str     0x000000000007fa22      0x6e9 ./Core/Src/main.o
                                      0x80371 (size before relaxing)
 .debug_str     0x000000000008010b       0x68 ./Core/Src/software_timer.o
                                      0x7fbd0 (size before relaxing)
 .debug_str     0x0000000000080173      0x2ba ./Core/Src/stm32f1xx_hal_msp.o
                                      0x801e7 (size before relaxing)
 .debug_str     0x000000000008042d       0xcd ./Core/Src/stm32f1xx_it.o
                                      0x7ff49 (size before relaxing)
 .debug_str     0x00000000000804fa       0x52 ./Core/Src/system_stm32f1xx.o
                                      0x7f6d4 (size before relaxing)
 .debug_str     0x000000000008054c       0x36 ./Core/Startup/startup_stm32f103c6ux.o
                                         0x63 (size before relaxing)
 .debug_str     0x0000000000080582      0x304 ./Drivers/STM32F1xx_HAL_Driver/Src/stm32f1xx_hal.o
                                      0x7fd2b (size before relaxing)
 .debug_str     0x0000000000080886      0x300 ./Drivers/STM32F1xx_HAL_Driver/Src/stm32f1xx_hal_cortex.o
                                      0x7fd33 (size before relaxing)
 .debug_str     0x0000000000080b86      0x324 ./Drivers/STM32F1xx_HAL_Driver/Src/stm32f1xx_hal_gpio.o
                                      0x7fa98 (size before relaxing)
 .debug_str     0x0000000000080eaa      0x24f ./Drivers/STM32F1xx_HAL_Driver/Src/stm32f1xx_hal_rcc.o
                                      0x7fad1 (size before relaxing)
 .debug_str     0x00000000000810f9      0xdce ./Drivers/STM32F1xx_HAL_Driver/Src/stm32f1xx_hal_tim.o
                                      0x80aaa (size before relaxing)
 .debug_str     0x0000000000081ec7      0x4ee ./Drivers/STM32F1xx_HAL_Driver/Src/stm32f1xx_hal_tim_ex.o
                                      0x8025b (size before relaxing)

.comment        0x0000000000000000       0x53
 .comment       0x0000000000000000       0x53 ./Core/Src/button.o
                                         0x54 (size before relaxing)
 .comment       0x0000000000000053       0x54 ./Core/Src/fsm_automatic.o
 .comment       0x0000000000000053       0x54 ./Core/Src/fsm_manual.o
 .comment       0x0000000000000053       0x54 ./Core/Src/global.o
 .comment       0x0000000000000053       0x54 ./Core/Src/graphic.o
 .comment       0x0000000000000053       0x54 ./Core/Src/main.o
 .comment       0x0000000000000053       0x54 ./Core/Src/software_timer.o
 .comment       0x0000000000000053       0x54 ./Core/Src/stm32f1xx_hal_msp.o
 .comment       0x0000000000000053       0x54 ./Core/Src/stm32f1xx_it.o
 .comment       0x0000000000000053       0x54 ./Core/Src/system_stm32f1xx.o
 .comment       0x0000000000000053       0x54 ./Drivers/STM32F1xx_HAL_Driver/Src/stm32f1xx_hal.o
 .comment       0x0000000000000053       0x54 ./Drivers/STM32F1xx_HAL_Driver/Src/stm32f1xx_hal_cortex.o
 .comment       0x0000000000000053       0x54 ./Drivers/STM32F1xx_HAL_Driver/Src/stm32f1xx_hal_gpio.o
 .comment       0x0000000000000053       0x54 ./Drivers/STM32F1xx_HAL_Driver/Src/stm32f1xx_hal_rcc.o
 .comment       0x0000000000000053       0x54 ./Drivers/STM32F1xx_HAL_Driver/Src/stm32f1xx_hal_tim.o
 .comment       0x0000000000000053       0x54 ./Drivers/STM32F1xx_HAL_Driver/Src/stm32f1xx_hal_tim_ex.o

.debug_frame    0x0000000000000000     0x2948
 .debug_frame   0x0000000000000000       0xac ./Core/Src/button.o
 .debug_frame   0x00000000000000ac       0x4c ./Core/Src/fsm_automatic.o
 .debug_frame   0x00000000000000f8       0x2c ./Core/Src/fsm_manual.o
 .debug_frame   0x0000000000000124      0x104 ./Core/Src/graphic.o
 .debug_frame   0x0000000000000228       0xdc ./Core/Src/main.o
 .debug_frame   0x0000000000000304       0xa8 ./Core/Src/software_timer.o
 .debug_frame   0x00000000000003ac       0x80 ./Core/Src/stm32f1xx_hal_msp.o
 .debug_frame   0x000000000000042c      0x120 ./Core/Src/stm32f1xx_it.o
 .debug_frame   0x000000000000054c       0x58 ./Core/Src/system_stm32f1xx.o
 .debug_frame   0x00000000000005a4      0x334 ./Drivers/STM32F1xx_HAL_Driver/Src/stm32f1xx_hal.o
 .debug_frame   0x00000000000008d8      0x428 ./Drivers/STM32F1xx_HAL_Driver/Src/stm32f1xx_hal_cortex.o
 .debug_frame   0x0000000000000d00      0x14c ./Drivers/STM32F1xx_HAL_Driver/Src/stm32f1xx_hal_gpio.o
 .debug_frame   0x0000000000000e4c      0x218 ./Drivers/STM32F1xx_HAL_Driver/Src/stm32f1xx_hal_rcc.o
 .debug_frame   0x0000000000001064     0x11b8 ./Drivers/STM32F1xx_HAL_Driver/Src/stm32f1xx_hal_tim.o
 .debug_frame   0x000000000000221c      0x638 ./Drivers/STM32F1xx_HAL_Driver/Src/stm32f1xx_hal_tim_ex.o
 .debug_frame   0x0000000000002854       0x2c c:/st/stm32cubeide_1.7.0/stm32cubeide/plugins/com.st.stm32cube.ide.mcu.externaltools.gnu-tools-for-stm32.9-2020-q2-update.win32_2.0.0.202105311346/tools/bin/../lib/gcc/arm-none-eabi/9.3.1/../../../../arm-none-eabi/lib/thumb/v7-m/nofp\libc_nano.a(lib_a-init.o)
 .debug_frame   0x0000000000002880       0x20 c:/st/stm32cubeide_1.7.0/stm32cubeide/plugins/com.st.stm32cube.ide.mcu.externaltools.gnu-tools-for-stm32.9-2020-q2-update.win32_2.0.0.202105311346/tools/bin/../lib/gcc/arm-none-eabi/9.3.1/../../../../arm-none-eabi/lib/thumb/v7-m/nofp\libc_nano.a(lib_a-memset.o)
 .debug_frame   0x00000000000028a0       0x4c c:/st/stm32cubeide_1.7.0/stm32cubeide/plugins/com.st.stm32cube.ide.mcu.externaltools.gnu-tools-for-stm32.9-2020-q2-update.win32_2.0.0.202105311346/tools/bin/../lib/gcc/arm-none-eabi/9.3.1/thumb/v7-m/nofp\libgcc.a(_arm_addsubsf3.o)
 .debug_frame   0x00000000000028ec       0x38 c:/st/stm32cubeide_1.7.0/stm32cubeide/plugins/com.st.stm32cube.ide.mcu.externaltools.gnu-tools-for-stm32.9-2020-q2-update.win32_2.0.0.202105311346/tools/bin/../lib/gcc/arm-none-eabi/9.3.1/thumb/v7-m/nofp\libgcc.a(_arm_muldivsf3.o)
 .debug_frame   0x0000000000002924       0x24 c:/st/stm32cubeide_1.7.0/stm32cubeide/plugins/com.st.stm32cube.ide.mcu.externaltools.gnu-tools-for-stm32.9-2020-q2-update.win32_2.0.0.202105311346/tools/bin/../lib/gcc/arm-none-eabi/9.3.1/thumb/v7-m/nofp\libgcc.a(_arm_fixsfsi.o)
